eeschema (2012-01-19 BZR 3256)-stable  >> Creation date: Mon 07 Jan 2013 09:24:41 PM EET

#Cmp ( order = Reference )
| C1         1u          
| C2         100n        
| C3         10n         
| C4         100n        
| C5         4u7         
| C6         100n        
| C7         100n        
| C8         4u7         
| C9         100n        
| C10        100n        
| C11        100n        
| C12        4u7         
| C13        4u7         
| C14        100n        
| C15        2u2         
| C16        100n        
| C17        2u2         
| C18        100n        
| C19        100n        
| C20        1u          
| C21        100n        
| C22        4u7         
| C23        10n         
| C24        4u7         
| C25        100n        
| C26        100n        
| C27        100n        
| C28        100n        
| C29        100n        
| C30        100n        
| C31        100n        
| C32        100n        
| C33        4u7         
| C34        4u7         
| C35        10p         
| C36        10p         
| C37        100n        
| C38        1u          
| C39        10p         
| C40        1u          
| C41        100n        
| C42        4u7         
| C43        470u        
| C44        470u        
| C45        47n         
| C46        1u          
| C47        1u          
| C48        1u          
| C49        10n         
| C50        10n         
| C51        4u7         
| C52        4u7         
| C53        4u7         
| C54        4u7         
| C55        4u7         
| C56        1u          
| C57        100n        
| C58        100n        
| D1         LED_RED     
| D2         LED_GREEN   
| D3         LED_RED     
| D4         DIODESCH    
| D5         TVS_DIODE   
| D6         LED_RED     
| FB1        FILTER      
| FB2        FILTER      
| FB3        FILTER      
| J1         USB_MICRO_B 
| L1         2u2         
| P1         EXPANDER_1  
| P2         EXPANDER_2  
| P3         TP          
| P4         TP          
| P5         TP          
| P6         HAPTIC      
| P7         TP          
| P8         TP          
| P9         TP          
| P10        TP          
| P11        TP          
| P12        TP          
| P13        HIGH_VOLTAGE
| P14        TP          
| P15        TP          
| P16        HOLE        
| P17        HOLE        
| P18        HOLE        
| P19        HOLE        
| P20        CONN_1      
| P21        BATT        
| P22        PWR_SW      
| P23        TP          
| Q1         MOSFET_P    
| Q2         MOSFET_P    
| Q3         MOSFET_P    
| Q4         MOSFET_P    
| Q5         MOSFET_P    
| R1         22k         
| R2         1k          
| R3         1k          
| R4         1k          
| R5         1k          
| R6         4k7         
| R7         4k7         
| R8         4k7         
| R9         4k7         
| R10        470k        
| R11        4k7         
| R12        4k7         
| R13        NA          
| R14        470k        
| R15        470k        
| R16        1k          
| R17        47k         
| R18        NA          
| R19        0           
| R20        1k          
| R21        1k          
| R22        1k          
| R23        1k          
| R24        1k          
| R25        22k         
| R26        470k        
| R27        22k         
| R28        22k         
| R29        4k7         
| R30        1k          
| R31        22k         
| R32        4k7         
| R33        R           
| R34        1k          
| R35        4k7         
| R36        RT1         
| R37        RT2         
| R38        NTC         
| R39        4k7         
| R40        1k          
| R41        4k7         
| R42        4k7         
| R43        4k7         
| R44        4k7         
| R45        4k7         
| R46        4k7         
| R47        4k7         
| R48        47k         
| R49        1k          
| RP1        1M          
| RP2        22          
| RP3        22          
| RP4        1M          
| RP5        1M          
| SP1        SPEAKER     
| SW1        PUSH_BUTTON 
| SW2        PUSH_BUTTON 
| U1         STM32F4XX_LQFP100
| U2         SIM908      
| U3         BQ24190     
| U4         ADMP404     
| U5         L3GD20      
| U6         TPD4E004    
| U7         MICROSD_SIM_COMBO
| U8         TPD4E004    
| U9         LSM303DLHC  
| U10        TPD4E004    
| U11        TPD4E004    
| U12        DRV2603     
| U13        TPD4E004    
| U14        TPS737XX_SON8
| U15        M24M01      
| U16        LM4890M_MM  
| U17        SN74AVC4T245_RSV
| X1         4-26MHZ     
#End Cmp

#Cmp ( order = Value )
| 0            R19       
| 100n         C2        
| 100n         C4        
| 100n         C6        
| 100n         C7        
| 100n         C9        
| 100n         C10       
| 100n         C11       
| 100n         C14       
| 100n         C16       
| 100n         C18       
| 100n         C19       
| 100n         C21       
| 100n         C25       
| 100n         C26       
| 100n         C27       
| 100n         C28       
| 100n         C29       
| 100n         C30       
| 100n         C31       
| 100n         C32       
| 100n         C37       
| 100n         C41       
| 100n         C57       
| 100n         C58       
| 10n          C3        
| 10n          C23       
| 10n          C49       
| 10n          C50       
| 10p          C35       
| 10p          C36       
| 10p          C39       
| 1k           R2        
| 1k           R3        
| 1k           R4        
| 1k           R5        
| 1k           R16       
| 1k           R20       
| 1k           R21       
| 1k           R22       
| 1k           R23       
| 1k           R24       
| 1k           R30       
| 1k           R34       
| 1k           R40       
| 1k           R49       
| 1M           RP1       
| 1M           RP4       
| 1M           RP5       
| 1u           C1        
| 1u           C20       
| 1u           C38       
| 1u           C40       
| 1u           C46       
| 1u           C47       
| 1u           C48       
| 1u           C56       
| 22           RP2       
| 22           RP3       
| 22k          R1        
| 22k          R25       
| 22k          R27       
| 22k          R28       
| 22k          R31       
| 2u2          C15       
| 2u2          C17       
| 2u2          L1        
| 4-26MHZ      X1        
| 470k         R10       
| 470k         R14       
| 470k         R15       
| 470k         R26       
| 470u         C43       
| 470u         C44       
| 47k          R17       
| 47k          R48       
| 47n          C45       
| 4k7          R6        
| 4k7          R7        
| 4k7          R8        
| 4k7          R9        
| 4k7          R11       
| 4k7          R12       
| 4k7          R29       
| 4k7          R32       
| 4k7          R35       
| 4k7          R39       
| 4k7          R41       
| 4k7          R42       
| 4k7          R43       
| 4k7          R44       
| 4k7          R45       
| 4k7          R46       
| 4k7          R47       
| 4u7          C5        
| 4u7          C8        
| 4u7          C12       
| 4u7          C13       
| 4u7          C22       
| 4u7          C24       
| 4u7          C33       
| 4u7          C34       
| 4u7          C42       
| 4u7          C51       
| 4u7          C52       
| 4u7          C53       
| 4u7          C54       
| 4u7          C55       
| ADMP404      U4        
| BATT         P21       
| BQ24190      U3        
| CONN_1       P20       
| DIODESCH     D4        
| DRV2603      U12       
| EXPANDER_1   P1        
| EXPANDER_2   P2        
| FILTER       FB1       
| FILTER       FB2       
| FILTER       FB3       
| HAPTIC       P6        
| HIGH_VOLTAGE P13       
| HOLE         P16       
| HOLE         P17       
| HOLE         P18       
| HOLE         P19       
| L3GD20       U5        
| LED_GREEN    D2        
| LED_RED      D1        
| LED_RED      D3        
| LED_RED      D6        
| LM4890M_MM   U16       
| LSM303DLHC   U9        
| M24M01       U15       
| MICROSD_SIM_COMBO U7        
| MOSFET_P     Q1        
| MOSFET_P     Q2        
| MOSFET_P     Q3        
| MOSFET_P     Q4        
| MOSFET_P     Q5        
| NA           R13       
| NA           R18       
| NTC          R38       
| PUSH_BUTTON  SW1       
| PUSH_BUTTON  SW2       
| PWR_SW       P22       
| R            R33       
| RT1          R36       
| RT2          R37       
| SIM908       U2        
| SN74AVC4T245_RSV U17       
| SPEAKER      SP1       
| STM32F4XX_LQFP100 U1        
| TP           P3        
| TP           P4        
| TP           P5        
| TP           P7        
| TP           P8        
| TP           P9        
| TP           P10       
| TP           P11       
| TP           P12       
| TP           P14       
| TP           P15       
| TP           P23       
| TPD4E004     U6        
| TPD4E004     U8        
| TPD4E004     U10       
| TPD4E004     U11       
| TPD4E004     U13       
| TPS737XX_SON8 U14       
| TVS_DIODE    D5        
| USB_MICRO_B  J1        
#End Cmp

#End List
